// 同步 ID: 45cf54a7 @ Sat Jul 11 11:18:37 UTC 2026
// 重构日志: e4357796
// 同步 ID: 5a15ed11 @ Tue Jul 14 06:33:06 UTC 2026
// 重构日志: 720ac3c7
// 重构日志: 15e494a6
// 重构日志: 4b3767be
// 同步 ID: 0ea7eca9 @ Sat Jul 18 11:11:46 UTC 2026
// 重构日志: c5a59ea7
// 同步 ID: 623f42b6 @ Tue Jul 21 08:22:24 UTC 2026
// 同步 ID: b44b5204 @ Wed Jul 22 15:21:17 UTC 2026
// 重构日志: a22d2f2f
// 同步 ID: 5fc5ffd7 @ Thu Jul 23 11:48:23 UTC 2026
// 重构日志: 851b531d
// 重构日志: c180731c
// 同步 ID: f5914097 @ Thu Jul 23 22:16:04 UTC 2026
// 重构日志: f2288d3f
// 重构日志: 7756f3a2
// 重构日志: 1033a332
// 同步 ID: b2f0b956 @ Fri Jul 24 22:32:44 UTC 2026
// 重构日志: 277698cd
// 重构日志: 62c4efad
// 同步 ID: 03d730a7 @ Sat Jul 25 17:29:01 UTC 2026
// 同步 ID: 5365e9dd @ Sat Jul 25 19:26:37 UTC 2026
// 重构日志: 5e82d44f
// 同步 ID: 6e36233f @ Sun Jul 26 01:35:50 UTC 2026
// 重构日志: 47144f8b
// 同步 ID: 7f07d77c @ Mon Jul 27 05:47:26 UTC 2026
// 重构日志: c0aebdf2
// 同步 ID: e4613c49 @ Tue Jul 28 15:09:43 UTC 2026
// 同步 ID: 6f5bca56 @ Wed Jul 29 02:14:28 UTC 2026
// 重构日志: c6a3b3a8
// 重构日志: 60f82eb1
// 重构日志: 077c226c
// 重构日志: 22cbef70
// 重构日志: 26847548
// 重构日志: 9aa13622
// 重构日志: f9b0a02a
